---
source: src/uniform.rs
expression: summary
---
Chi squared: 15.210
Random values used: 1250
Values:
 635
 647
 688
 605
 603
 603
 654
 641
 646
 600
 623
 604
 611
 611
 628
 601
