---
source: src/uniform.rs
expression: summary
---
Chi squared: 1.588
Random values used: 313
Values:
5063
4937
