---
source: src/uniform.rs
expression: summary
---
Chi squared: 11.098
Random values used: 1184
Values:
1025
1009
 953
 955
1052
 981
1028
1015
1022
 960
