---
source: src/lib.rs
expression: counts
---
[
    102,
    89,
    105,
    103,
    105,
    112,
    106,
    109,
    109,
    94,
    116,
    94,
    109,
    114,
    94,
    77,
    88,
    92,
    108,
    89,
    113,
    99,
    80,
    115,
    110,
    95,
    96,
    96,
    84,
    101,
    110,
    99,
    122,
    111,
    101,
    101,
    89,
    78,
    121,
    94,
    99,
    99,
    88,
    100,
    107,
    82,
    101,
    85,
    94,
    90,
    103,
    109,
    114,
    106,
    105,
    89,
    89,
    87,
    109,
    93,
    98,
    110,
    94,
    110,
    100,
    111,
    101,
    86,
    105,
    87,
    82,
    82,
    98,
    114,
    123,
    111,
    105,
    96,
    80,
    96,
    112,
    103,
    97,
    114,
    96,
    111,
    117,
    89,
    102,
    96,
    79,
    103,
    95,
    110,
    105,
    103,
    113,
    97,
    86,
    104,
]
