---
source: src/uniform.rs
expression: summary
---
Chi squared: 0.000
Random values used: 0
Values:
10000
