---
source: src/uniform.rs
expression: summary
---
Chi squared: 101.220
Random values used: 3365
Values:
  88
 101
 106
 117
 100
 103
  89
  94
 107
  93
 112
  98
 116
 102
  98
 103
 107
 105
  94
 107
 123
 108
  98
  94
 100
 117
  92
 109
 101
  83
  97
  91
 130
 110
 108
  87
 106
  94
  93
 126
  96
  93
 106
  96
  90
 100
 103
 105
 100
  92
 110
  93
  82
 102
  97
 100
 111
 109
  82
 106
  98
 100
 100
 108
  88
  85
  73
  85
 107
  95
  94
 100
 108
  79
 100
  90
 108
 109
 102
 101
  90
 111
  94
  89
  99
 103
  99
  96
 112
 109
  73
  99
 108
 105
  99
 109
 100
 109
  94
  92
