---
source: src/coin_flipper.rs
expression: differences
---
[
    98,
    214,
    282,
    402,
    524,
    591,
    690,
    809,
    924,
    986,
    858,
    817,
    701,
    570,
    509,
    404,
    323,
    204,
    94,
]
