---
source: src/lib.rs
expression: counts
---
[
    106,
    101,
    92,
    100,
    92,
    109,
    109,
    100,
    95,
    114,
    93,
    125,
    112,
    110,
    116,
    85,
    111,
    110,
    100,
    103,
    87,
    100,
    95,
    90,
    98,
    96,
    92,
    117,
    104,
    114,
    94,
    94,
    115,
    104,
    100,
    85,
    103,
    91,
    109,
    92,
    99,
    104,
    97,
    81,
    102,
    102,
    94,
    98,
    106,
    94,
    98,
    111,
    83,
    114,
    72,
    90,
    78,
    120,
    90,
    98,
    75,
    76,
    98,
    98,
    95,
    106,
    102,
    94,
    89,
    108,
    107,
    94,
    115,
    93,
    87,
    111,
    92,
    89,
    92,
    95,
    94,
    125,
    98,
    105,
    107,
    101,
    114,
    107,
    105,
    117,
    90,
    112,
    109,
    108,
    100,
    92,
    92,
    110,
    104,
    100,
]
