---
source: src/lib.rs
expression: counts
---
[
    111,
    137,
    84,
    83,
    90,
    109,
    87,
    99,
    94,
    107,
    105,
    101,
    93,
    98,
    120,
    109,
    99,
    108,
    99,
    88,
    103,
    101,
    83,
    83,
    101,
    95,
    100,
    92,
    107,
    95,
    96,
    102,
    105,
    118,
    113,
    102,
    113,
    93,
    89,
    105,
    90,
    97,
    85,
    116,
    117,
    101,
    89,
    118,
    83,
    88,
    100,
    108,
    105,
    104,
    110,
    90,
    75,
    99,
    103,
    110,
    109,
    97,
    98,
    106,
    111,
    108,
    98,
    96,
    101,
    87,
    93,
    102,
    114,
    95,
    114,
    110,
    105,
    98,
    112,
    89,
    91,
    120,
    77,
    87,
    100,
    108,
    102,
    110,
    106,
    90,
    82,
    100,
    109,
    105,
    93,
    102,
    82,
    96,
    83,
    109,
]
